// Jest Snapshot v1, https://goo.gl/fbAQLP

exports[`Given a Grid component when it is rendered and a the articles are passed should match the snapshot 1`] = `
<styled.div>
  <Connect(Article)
    id={1}
    key="1"
  />
</styled.div>
`;

exports[`Given a Grid component when it is rendered should match the snapshot 1`] = `<styled.div />`;
