// Jest Snapshot v1, https://goo.gl/fbAQLP

exports[`Given a Main component when it is rendered should match the snapshot 1`] = `
<Fragment>
  <Connect(Grid) />
</Fragment>
`;
